[11:06:38] [INIT] KubeJS 2001.6.5-build.16; MC 2001 forge
[11:06:38] [INIT] Loaded plugins:
[11:06:38] [INIT] - dev.latvian.mods.kubejs.forge.BuiltinKubeJSForgePlugin
[11:06:38] [INIT] - dev.latvian.mods.kubejs.forge.BuiltinKubeJSForgeClientPlugin
[11:06:38] [INIT] - pie.ilikepiefoo.kubejsoffline.OfflinePlugin
[11:06:38] [INIT] - net.liopyu.entityjs.EntityJSPlugin
[11:06:38] [INIT] - net.threetag.palladium.compat.kubejs.PalladiumKubeJSPlugin
[11:06:38] [INIT] - com.probejs.ProbeJSPlugin
[11:06:38] [INFO] example.js#5: Hello, World! (Loaded startup scripts)
[11:06:38] [INFO] Loaded script startup_scripts:example.js in 0.032 s
[11:06:38] [INFO] Loaded script addonpack_fsang_hero:kubejs_scripts/x_ray_vision_ability.js in 0.008 s
[11:06:38] [INFO] Loaded script addonpack_fsang_hero:kubejs_scripts/xgene_manipulation.js in 0.002 s
[11:06:38] [INFO] Loaded script addonpack_fsang_hero:kubejs_scripts/worthy_ability.js in 0.0 s
[11:06:38] [INFO] Loaded script addonpack_fsang_hero:kubejs_scripts/wall_climb_move_condition.js in 0.0 s
[11:06:38] [INFO] Loaded script addonpack_fsang_hero:kubejs_scripts/wall_climb_condition.js in 0.0 s
[11:06:38] [INFO] addonpack_fsang_hero:kubejs_scripts/wall_climb.js#1: Loaded Java class 'net.minecraft.world.level.ClipContext'
[11:06:38] [INFO] addonpack_fsang_hero:kubejs_scripts/wall_climb.js#26: Loaded Java class 'net.minecraft.network.protocol.game.ClientboundSetEntityMotionPacket'
[11:06:38] [INFO] Loaded script addonpack_fsang_hero:kubejs_scripts/wall_climb.js in 0.008 s
[11:06:38] [INFO] Loaded script addonpack_fsang_hero:kubejs_scripts/vulcan_shield2.js in 0.0 s
[11:06:38] [INFO] Loaded script addonpack_fsang_hero:kubejs_scripts/vulcan_shield1.js in 0.001 s
[11:06:38] [INFO] Loaded script addonpack_fsang_hero:kubejs_scripts/vulcan_overload.js in 0.0 s
[11:06:38] [INFO] Loaded script addonpack_fsang_hero:kubejs_scripts/viltrumite_skeleton.js in 0.002 s
[11:06:38] [INFO] Loaded script addonpack_fsang_hero:kubejs_scripts/uncontrollable_movement.js in 0.001 s
[11:06:38] [INFO] Loaded script addonpack_fsang_hero:kubejs_scripts/trident.js in 0.0 s
[11:06:38] [INFO] addonpack_fsang_hero:kubejs_scripts/transfer_property_raycast.js#2: Loaded Java class 'net.minecraft.world.entity.LivingEntity'
[11:06:38] [INFO] Loaded script addonpack_fsang_hero:kubejs_scripts/transfer_property_raycast.js in 0.04 s
[11:06:38] [INFO] Loaded script addonpack_fsang_hero:kubejs_scripts/time_effect.js in 0.001 s
[11:06:38] [INFO] Loaded script addonpack_fsang_hero:kubejs_scripts/time_condition.js in 0.001 s
[11:06:38] [INFO] Loaded script addonpack_fsang_hero:kubejs_scripts/the_void.js in 0.0 s
[11:06:38] [INFO] Loaded script addonpack_fsang_hero:kubejs_scripts/tellraw_ability.js in 0.001 s
[11:06:38] [INFO] Loaded script addonpack_fsang_hero:kubejs_scripts/teleport_ability2.js in 0.0 s
[11:06:38] [INFO] Loaded script addonpack_fsang_hero:kubejs_scripts/teleport_ability.js in 0.0 s
[11:06:38] [INFO] Loaded script addonpack_fsang_hero:kubejs_scripts/telepathy_stop.js in 0.0 s
[11:06:38] [INFO] Loaded script addonpack_fsang_hero:kubejs_scripts/telekinetic_hold.js in 0.001 s
[11:06:38] [INFO] Loaded script addonpack_fsang_hero:kubejs_scripts/telekinesis_blocks.js in 0.006 s
[11:06:38] [INFO] addonpack_fsang_hero:kubejs_scripts/telekinesis.js#2: Loaded Java class 'net.minecraft.Util'
[11:06:38] [INFO] Loaded script addonpack_fsang_hero:kubejs_scripts/telekinesis.js in 0.009 s
[11:06:38] [INFO] Loaded script addonpack_fsang_hero:kubejs_scripts/tactile_telekinesis_stun.js in 0.0 s
[11:06:38] [INFO] Loaded script addonpack_fsang_hero:kubejs_scripts/symbiote_xenocive_dna.js in 0.001 s
[11:06:38] [INFO] Loaded script addonpack_fsang_hero:kubejs_scripts/symbiote_wraith_dna.js in 0.0 s
[11:06:38] [INFO] Loaded script addonpack_fsang_hero:kubejs_scripts/symbiote_venom_dna.js in 0.001 s
[11:06:38] [INFO] Loaded script addonpack_fsang_hero:kubejs_scripts/symbiote_toxin_dna.js in 0.0 s
[11:06:38] [INFO] Loaded script addonpack_fsang_hero:kubejs_scripts/symbiote_thorn_dna.js in 0.001 s
[11:06:38] [INFO] Loaded script addonpack_fsang_hero:kubejs_scripts/symbiote_tempest_dna.js in 0.001 s
[11:06:38] [INFO] Loaded script addonpack_fsang_hero:kubejs_scripts/symbiote_strain_dna.js in 0.0 s
[11:06:38] [INFO] Loaded script addonpack_fsang_hero:kubejs_scripts/symbiote_sprain_dna.js in 0.001 s
[11:06:38] [INFO] Loaded script addonpack_fsang_hero:kubejs_scripts/symbiote_sleeper_dna.js in 0.0 s
[11:06:38] [INFO] Loaded script addonpack_fsang_hero:kubejs_scripts/symbiote_sickness.js in 0.0 s
[11:06:38] [INFO] Loaded script addonpack_fsang_hero:kubejs_scripts/symbiote_scream_dna.js in 0.0 s
[11:06:38] [INFO] Loaded script addonpack_fsang_hero:kubejs_scripts/symbiote_scorn_dna.js in 0.0 s
[11:06:38] [INFO] Loaded script addonpack_fsang_hero:kubejs_scripts/symbiote_riot_dna.js in 0.001 s
[11:06:38] [INFO] Loaded script addonpack_fsang_hero:kubejs_scripts/symbiote_reaper_dna.js in 0.0 s
[11:06:38] [INFO] Loaded script addonpack_fsang_hero:kubejs_scripts/symbiote_phage_dna.js in 0.001 s
[11:06:38] [INFO] Loaded script addonpack_fsang_hero:kubejs_scripts/symbiote_montechiari_dna.js in 0.0 s
[11:06:38] [INFO] Loaded script addonpack_fsang_hero:kubejs_scripts/symbiote_misery_dna.js in 0.0 s
[11:06:38] [INFO] Loaded script addonpack_fsang_hero:kubejs_scripts/symbiote_lasher_dna.js in 0.002 s
[11:06:38] [INFO] Loaded script addonpack_fsang_hero:kubejs_scripts/symbiote_inumis_dna.js in 0.001 s
[11:06:38] [INFO] Loaded script addonpack_fsang_hero:kubejs_scripts/symbiote_hybrid_dna.js in 0.0 s
[11:06:38] [INFO] Loaded script addonpack_fsang_hero:kubejs_scripts/symbiote_host_rider_dna.js in 0.001 s
[11:06:38] [INFO] Loaded script addonpack_fsang_hero:kubejs_scripts/symbiote_grendel_dna.js in 0.0 s
[11:06:38] [INFO] Loaded script addonpack_fsang_hero:kubejs_scripts/symbiote_fang_dna.js in 0.0 s
[11:06:38] [INFO] Loaded script addonpack_fsang_hero:kubejs_scripts/symbiote_fallout_dna.js in 0.0 s
[11:06:38] [INFO] Loaded script addonpack_fsang_hero:kubejs_scripts/symbiote_enhancement.js in 0.001 s
[11:06:38] [INFO] Loaded script addonpack_fsang_hero:kubejs_scripts/symbiote_empty_dna.js in 0.0 s
[11:06:38] [INFO] Loaded script addonpack_fsang_hero:kubejs_scripts/symbiote_death_angel_dna.js in 0.0 s
[11:06:38] [INFO] Loaded script addonpack_fsang_hero:kubejs_scripts/symbiote_curse_dna.js in 0.001 s
[11:06:38] [INFO] Loaded script addonpack_fsang_hero:kubejs_scripts/symbiote_carnage_dna.js in 0.0 s
[11:06:38] [INFO] Loaded script addonpack_fsang_hero:kubejs_scripts/symbiote_bloom_dna.js in 0.0 s
[11:06:38] [INFO] Loaded script addonpack_fsang_hero:kubejs_scripts/symbiote_blackout_dna.js in 0.001 s
[11:06:38] [INFO] Loaded script addonpack_fsang_hero:kubejs_scripts/symbiote_authority_dna.js in 0.0 s
[11:06:38] [INFO] Loaded script addonpack_fsang_hero:kubejs_scripts/symbiote_artificial_venom_dna.js in 0.0 s
[11:06:38] [INFO] Loaded script addonpack_fsang_hero:kubejs_scripts/symbiote_artificial_toxin_dna.js in 0.001 s
[11:06:38] [INFO] Loaded script addonpack_fsang_hero:kubejs_scripts/symbiote_artificial_sleeper_dna.js in 0.0 s
[11:06:38] [INFO] Loaded script addonpack_fsang_hero:kubejs_scripts/symbiote_artificial_scream_dna.js in 0.001 s
[11:06:38] [INFO] Loaded script addonpack_fsang_hero:kubejs_scripts/symbiote_artificial_scorn_dna.js in 0.001 s
[11:06:38] [INFO] Loaded script addonpack_fsang_hero:kubejs_scripts/symbiote_artificial_riot_dna.js in 0.0 s
[11:06:38] [INFO] Loaded script addonpack_fsang_hero:kubejs_scripts/symbiote_artificial_phage_dna.js in 0.001 s
[11:06:38] [INFO] Loaded script addonpack_fsang_hero:kubejs_scripts/symbiote_artificial_lasher_dna.js in 0.0 s
[11:06:38] [INFO] Loaded script addonpack_fsang_hero:kubejs_scripts/symbiote_artificial_carnage_dna.js in 0.0 s
[11:06:38] [INFO] Loaded script addonpack_fsang_hero:kubejs_scripts/symbiote_artificial_agony_dna.js in 0.0 s
[11:06:38] [INFO] Loaded script addonpack_fsang_hero:kubejs_scripts/symbiote_aquamarine_dna.js in 0.0 s
[11:06:38] [INFO] Loaded script addonpack_fsang_hero:kubejs_scripts/symbiote_agony_dna.js in 0.0 s
[11:06:38] [INFO] Loaded script addonpack_fsang_hero:kubejs_scripts/speed_transfer_effect.js in 0.001 s
[11:06:38] [INFO] Loaded script addonpack_fsang_hero:kubejs_scripts/speed_power.js in 0.001 s
[11:06:38] [INFO] Loaded script addonpack_fsang_hero:kubejs_scripts/speedforce_chemicals.js in 0.0 s
[11:06:38] [INFO] Loaded script addonpack_fsang_hero:kubejs_scripts/sound_poisoning.js in 0.001 s
[11:06:38] [INFO] Loaded script addonpack_fsang_hero:kubejs_scripts/slow_time_effect.js in 0.0 s
[11:06:38] [INFO] Loaded script addonpack_fsang_hero:kubejs_scripts/shock.js in 0.0 s
[11:06:38] [INFO] Loaded script addonpack_fsang_hero:kubejs_scripts/screen_shake.js in 0.001 s
[11:06:38] [INFO] Loaded script addonpack_fsang_hero:kubejs_scripts/scoreboard_math.js in 0.001 s
[11:06:38] [INFO] Loaded script addonpack_fsang_hero:kubejs_scripts/scoreboard_ability.js in 0.001 s
[11:06:38] [INFO] Loaded script addonpack_fsang_hero:kubejs_scripts/scarab_shield.js in 0.001 s
[11:06:38] [INFO] Loaded script addonpack_fsang_hero:kubejs_scripts/save_point.js in 0.001 s
[11:06:38] [INFO] addonpack_fsang_hero:kubejs_scripts/safe_player_has_effect.js#6: Loaded Java class 'net.minecraft.core.registries.BuiltInRegistries'
[11:06:38] [INFO] Loaded script addonpack_fsang_hero:kubejs_scripts/safe_player_has_effect.js in 0.002 s
[11:06:38] [INFO] addonpack_fsang_hero:kubejs_scripts/rf_percentage_condition.js#2: Loaded Java class 'net.threetag.palladium.compat.curiostinkets.CuriosTrinketsUtil'
[11:06:38] [INFO] addonpack_fsang_hero:kubejs_scripts/rf_percentage_condition.js#3: Loaded Java class 'net.threetag.palladium.energy.EnergyHelper'
[11:06:38] [INFO] Loaded script addonpack_fsang_hero:kubejs_scripts/rf_percentage_condition.js in 0.004 s
[11:06:38] [INFO] Loaded script addonpack_fsang_hero:kubejs_scripts/rf_hud.js in 0.001 s
[11:06:38] [INFO] Loaded script addonpack_fsang_hero:kubejs_scripts/remove_power.js in 0.0 s
[11:06:38] [INFO] Loaded script addonpack_fsang_hero:kubejs_scripts/remove_hand_item_ability.js in 0.0 s
[11:06:38] [INFO] Loaded script addonpack_fsang_hero:kubejs_scripts/regenerative_healing.js in 0.001 s
[11:06:38] [INFO] Loaded script addonpack_fsang_hero:kubejs_scripts/reality_herald.js in 0.0 s
[11:06:38] [INFO] Loaded script addonpack_fsang_hero:kubejs_scripts/radioactive_waste.js in 0.0 s
[11:06:38] [INFO] Loaded script addonpack_fsang_hero:kubejs_scripts/radioactive_liquid.js in 0.001 s
[11:06:38] [INFO] Loaded script addonpack_fsang_hero:kubejs_scripts/radiant_black_hole.js in 0.0 s
[11:06:38] [INFO] Loaded script addonpack_fsang_hero:kubejs_scripts/psychic_damage.js in 0.0 s
[11:06:38] [INFO] Loaded script addonpack_fsang_hero:kubejs_scripts/property_set.js in 0.0 s
[11:06:38] [INFO] addonpack_fsang_hero:kubejs_scripts/property_give.js#1: Loaded Java class 'net.minecraft.world.phys.AABB'
[11:06:38] [INFO] addonpack_fsang_hero:kubejs_scripts/property_give.js#2: Loaded Java class 'net.minecraft.world.entity.Entity'
[11:06:38] [INFO] addonpack_fsang_hero:kubejs_scripts/property_give.js#3: Loaded Java class 'net.minecraft.world.entity.EntityType'
[11:06:38] [INFO] Loaded script addonpack_fsang_hero:kubejs_scripts/property_give.js in 0.006 s
[11:06:38] [INFO] addonpack_fsang_hero:kubejs_scripts/projectile_offset.js#3: Loaded Java class 'net.minecraft.world.phys.Vec3'
[11:06:38] [INFO] Loaded script addonpack_fsang_hero:kubejs_scripts/projectile_offset.js in 0.001 s
[11:06:38] [INFO] Loaded script addonpack_fsang_hero:kubejs_scripts/power_selected.js in 0.0 s
[11:06:38] [INFO] Loaded script addonpack_fsang_hero:kubejs_scripts/power_reset.js in 0.001 s
[11:06:38] [INFO] Loaded script addonpack_fsang_hero:kubejs_scripts/power_negation_effects.js in 0.0 s
[11:06:38] [INFO] Loaded script addonpack_fsang_hero:kubejs_scripts/power_dampen.js in 0.0 s
[11:06:38] [INFO] Loaded script addonpack_fsang_hero:kubejs_scripts/potion_punch.js in 0.001 s
[11:06:38] [INFO] Loaded script addonpack_fsang_hero:kubejs_scripts/phoenix_healing.js in 0.0 s
[11:06:38] [INFO] Loaded script addonpack_fsang_hero:kubejs_scripts/phasing.js in 0.0 s
[11:06:38] [INFO] Loaded script addonpack_fsang_hero:kubejs_scripts/palladium_property_ability.js in 0.002 s
[11:06:38] [INFO] Loaded script addonpack_fsang_hero:kubejs_scripts/no_movement.js in 0.0 s
[11:06:38] [INFO] Loaded script addonpack_fsang_hero:kubejs_scripts/mjolnir_block.js in 0.001 s
[11:06:38] [INFO] Loaded script addonpack_fsang_hero:kubejs_scripts/mine_block.js in 0.0 s
[11:06:38] [INFO] Loaded script addonpack_fsang_hero:kubejs_scripts/mindless_attack.js in 0.0 s
[11:06:38] [INFO] Loaded script addonpack_fsang_hero:kubejs_scripts/martian_skeleton.js in 0.0 s
[11:06:38] [INFO] Loaded script addonpack_fsang_hero:kubejs_scripts/magnetism_poisoning.js in 0.0 s
[11:06:38] [INFO] Loaded script addonpack_fsang_hero:kubejs_scripts/magnetic_hold.js in 0.0 s
[11:06:38] [INFO] Loaded script addonpack_fsang_hero:kubejs_scripts/list_power.js in 0.006 s
[11:06:38] [INFO] Loaded script addonpack_fsang_hero:kubejs_scripts/leap_scoreboard.js in 0.0 s
[11:06:38] [INFO] Loaded script addonpack_fsang_hero:kubejs_scripts/leap_back.js in 0.0 s
[11:06:38] [INFO] Loaded script addonpack_fsang_hero:kubejs_scripts/leap.js in 0.0 s
[11:06:38] [INFO] Loaded script addonpack_fsang_hero:kubejs_scripts/kryptonite_poisoning.js in 0.001 s
[11:06:38] [INFO] Loaded script addonpack_fsang_hero:kubejs_scripts/kryptonite.js in 0.0 s
[11:06:38] [INFO] Loaded script addonpack_fsang_hero:kubejs_scripts/kryptonain_skeleton.js in 0.0 s
[11:06:38] [INFO] Loaded script addonpack_fsang_hero:kubejs_scripts/kree_skeleton.js in 0.001 s
[11:06:38] [INFO] Loaded script addonpack_fsang_hero:kubejs_scripts/iventory_condition.js in 0.0 s
[11:06:38] [INFO] Loaded script addonpack_fsang_hero:kubejs_scripts/is_rf_condition.js in 0.001 s
[11:06:38] [INFO] Loaded script addonpack_fsang_hero:kubejs_scripts/in_game_time_condition.js in 0.0 s
[11:06:38] [INFO] Loaded script addonpack_fsang_hero:kubejs_scripts/ice_block.js in 0.0 s
[11:06:38] [INFO] Loaded script addonpack_fsang_hero:kubejs_scripts/hulk_out.js in 0.0 s
[11:06:38] [INFO] Loaded script addonpack_fsang_hero:kubejs_scripts/hive_removal_effect.js in 0.0 s
[11:06:38] [INFO] Loaded script addonpack_fsang_hero:kubejs_scripts/hive_addition_effect.js in 0.0 s
[11:06:38] [INFO] Loaded script addonpack_fsang_hero:kubejs_scripts/hellspawn.js in 0.0 s
[11:06:38] [INFO] Loaded script addonpack_fsang_hero:kubejs_scripts/height_condition.js in 0.001 s
[11:06:38] [INFO] Loaded script addonpack_fsang_hero:kubejs_scripts/head_rotation_condition.js in 0.001 s
[11:06:38] [INFO] Loaded script addonpack_fsang_hero:kubejs_scripts/hand_condition.js in 0.001 s
[11:06:38] [INFO] Loaded script addonpack_fsang_hero:kubejs_scripts/ground_distance.js in 0.0 s
[11:06:38] [INFO] Loaded script addonpack_fsang_hero:kubejs_scripts/grant_xgene.js in 0.001 s
[11:06:38] [INFO] Loaded script addonpack_fsang_hero:kubejs_scripts/grant_effect.js in 0.0 s
[11:06:38] [INFO] Loaded script addonpack_fsang_hero:kubejs_scripts/god_of_lightning.js in 0.0 s
[11:06:38] [INFO] Loaded script addonpack_fsang_hero:kubejs_scripts/glide.js in 0.001 s
[11:06:38] [INFO] Loaded script addonpack_fsang_hero:kubejs_scripts/get_uuid.js in 0.0 s
[11:06:38] [INFO] Loaded script addonpack_fsang_hero:kubejs_scripts/get_username.js in 0.0 s
[11:06:38] [INFO] Loaded script addonpack_fsang_hero:kubejs_scripts/get_energy_condition2.js in 0.001 s
[11:06:38] [INFO] Loaded script addonpack_fsang_hero:kubejs_scripts/get_energy_condition.js in 0.0 s
[11:06:38] [INFO] Loaded script addonpack_fsang_hero:kubejs_scripts/gamma_radiation.js in 0.0 s
[11:06:38] [INFO] Loaded script addonpack_fsang_hero:kubejs_scripts/fsang_rf_charger.js in 0.0 s
[11:06:38] [INFO] Loaded script addonpack_fsang_hero:kubejs_scripts/freezing.js in 0.0 s
[11:06:38] [INFO] Loaded script addonpack_fsang_hero:kubejs_scripts/first_person.js in 0.0 s
[11:06:38] [INFO] Loaded script addonpack_fsang_hero:kubejs_scripts/explosion.js in 0.001 s
[11:06:38] [INFO] addonpack_fsang_hero:kubejs_scripts/entity_nearby.js#5: Loaded Java class 'net.minecraft.world.entity.player.Player'
[11:06:38] [INFO] Loaded script addonpack_fsang_hero:kubejs_scripts/entity_nearby.js in 0.022 s
[11:06:38] [INFO] Loaded script addonpack_fsang_hero:kubejs_scripts/entity_motion.js in 0.001 s
[11:06:38] [INFO] Loaded script addonpack_fsang_hero:kubejs_scripts/entity_damage.js in 0.0 s
[11:06:38] [INFO] Loaded script addonpack_fsang_hero:kubejs_scripts/enderchest_ability.js in 0.001 s
[11:06:38] [INFO] Loaded script addonpack_fsang_hero:kubejs_scripts/effect_immunity.js in 0.0 s
[11:06:38] [INFO] Loaded script addonpack_fsang_hero:kubejs_scripts/earthquake.js in 0.003 s
[11:06:38] [INFO] Loaded script addonpack_fsang_hero:kubejs_scripts/dynamic_attribute.js in 0.0 s
[11:06:38] [INFO] Loaded script addonpack_fsang_hero:kubejs_scripts/drain_per_tick.js in 0.001 s
[11:06:38] [INFO] Loaded script addonpack_fsang_hero:kubejs_scripts/disarm.js in 0.0 s
[11:06:38] [INFO] Loaded script addonpack_fsang_hero:kubejs_scripts/decay_effect.js in 0.0 s
[11:06:38] [INFO] Loaded script addonpack_fsang_hero:kubejs_scripts/curios_trinkets_condition.js in 0.0 s
[11:06:38] [INFO] Loaded script addonpack_fsang_hero:kubejs_scripts/cosmic_radiation.js in 0.0 s
[11:06:38] [INFO] addonpack_fsang_hero:kubejs_scripts/coord_menu.js#1: Loaded Java class 'net.threetag.palladium.power.SuperpowerUtil'
[11:06:38] [INFO] Loaded script addonpack_fsang_hero:kubejs_scripts/coord_menu.js in 0.003 s
[11:06:38] [INFO] Loaded script addonpack_fsang_hero:kubejs_scripts/charging.js in 0.0 s
[11:06:38] [INFO] Loaded script addonpack_fsang_hero:kubejs_scripts/block_condition.js in 0.0 s
[11:06:38] [INFO] Loaded script addonpack_fsang_hero:kubejs_scripts/blocking_condition.js in 0.0 s
[11:06:38] [INFO] Loaded script addonpack_fsang_hero:kubejs_scripts/bifrost.js in 0.003 s
[11:06:38] [INFO] Loaded script addonpack_fsang_hero:kubejs_scripts/asgardian_effect.js in 0.0 s
[11:06:38] [INFO] Loaded script addonpack_fsang_hero:kubejs_scripts/armor_handling.js in 0.001 s
[11:06:38] [INFO] Loaded script addonpack_fsang_hero:kubejs_scripts/armor_durability.js in 0.001 s
[11:06:38] [INFO] Loaded script addonpack_fsang_hero:kubejs_scripts/aoe_repel.js in 0.0 s
[11:06:38] [INFO] Loaded script addonpack_fsang_hero:kubejs_scripts/any_power_condition.js in 0.0 s
[11:06:38] [INFO] Loaded script addonpack_fsang_hero:kubejs_scripts/ad_astra_breathing.js in 0.001 s
[11:06:38] [INFO] Loaded script addonpack_fsang_hero:kubejs_scripts/ad_astra_ability.js in 0.0 s
[11:06:38] [INFO] Loaded script addonpack_dampened:kubejs_scripts/register_sounds.js in 0.0 s
[11:06:38] [INFO] Loaded script addonpack_dampened:kubejs_scripts/dampened_effects.js in 0.003 s
[11:06:38] [INFO] addonpack_dampened:kubejs_scripts/dampen_block_tick.js#1: Loaded Java class 'net.minecraft.world.level.block.state.properties.IntegerProperty'
[11:06:38] [INFO] addonpack_dampened:kubejs_scripts/dampen_block_tick.js#2: Loaded Java class 'net.minecraft.world.level.block.state.properties.BooleanProperty'
[11:06:38] [INFO] Loaded script addonpack_dampened:kubejs_scripts/dampen_block_tick.js in 0.003 s
[11:06:38] [INFO] Loaded script addonpack_dampened:kubejs_scripts/safe_effect_check.js in 0.0 s
[11:06:38] [INFO] addonpack_dampened:kubejs_scripts/dampened_items.js#7: Loaded Java class 'top.theillusivec4.curios.api.CuriosApi'
[11:06:38] [INFO] addonpack_dampened:kubejs_scripts/dampened_items.js#8: Loaded Java class 'java.util.UUID'
[11:06:38] [INFO] addonpack_dampened:kubejs_scripts/dampened_items.js#9: Loaded Java class 'dev.latvian.mods.kubejs.util.UtilsJS'
[11:06:38] [INFO] addonpack_dampened:kubejs_scripts/dampened_items.js#10: Loaded Java class 'net.minecraft.resources.ResourceLocation'
[11:06:38] [INFO] addonpack_dampened:kubejs_scripts/dampened_items.js#12: Loaded Java class 'net.threetag.palladium.util.PlayerUtil'
[11:06:38] [INFO] Loaded script addonpack_dampened:kubejs_scripts/dampened_items.js in 0.017 s
[11:06:38] [INFO] addonpack_omni_extras:kubejs_scripts/upchuck_swallow.js#2: Loaded Java class 'virtuoel.pehkui.api.ScaleTypes'
[11:06:38] [INFO] Loaded script addonpack_omni_extras:kubejs_scripts/upchuck_swallow.js in 0.003 s
[11:06:38] [INFO] Loaded script addonpack_omni_extras:kubejs_scripts/startupstuff.js in 0.0 s
[11:06:38] [INFO] Loaded script addonpack_omni_extras:kubejs_scripts/sounds.js in 0.0 s
[11:06:38] [INFO] Loaded script addonpack_omni_extras:kubejs_scripts/has_effect.js in 0.001 s
[11:06:38] [INFO] Loaded script addonpack_omni_extras:kubejs_scripts/alien_codex.js in 0.001 s
[11:06:38] [INFO] Loaded script addonpack_nosedeenian:kubejs_scripts/sound2.js in 0.0 s
[11:06:38] [INFO] Loaded script addonpack_nosedeenian:kubejs_scripts/sound.js in 0.001 s
[11:06:38] [INFO] Loaded script addonpack_nosedeenian:kubejs_scripts/alien_codex.js in 0.0 s
[11:06:38] [INFO] Loaded script addonpack_nosedeenian:kubejs_scripts/ability6.js in 0.0 s
[11:06:38] [INFO] Loaded script addonpack_nosedeenian:kubejs_scripts/ability5.js in 0.001 s
[11:06:38] [INFO] Loaded script addonpack_nosedeenian:kubejs_scripts/ability4.js in 0.0 s
[11:06:38] [INFO] Loaded script addonpack_nosedeenian:kubejs_scripts/ability3.js in 0.0 s
[11:06:38] [INFO] Loaded script addonpack_nosedeenian:kubejs_scripts/ability2.js in 0.001 s
[11:06:38] [INFO] Loaded script addonpack_nosedeenian:kubejs_scripts/ability.js in 0.0 s
[11:06:38] [INFO] Loaded script addonpack_evo_reds_alienpack_completed:kubejs_scripts/completed_core_removal.js in 0.006 s
[11:06:38] [INFO] Loaded script addonpack_evolved:kubejs_scripts/scoreboard_ability.js in 0.0 s
[11:06:38] [INFO] Loaded script addonpack_evolved:kubejs_scripts/grab.js in 0.001 s
[11:06:38] [INFO] Loaded script addonpack_evolved:kubejs_scripts/give_effect.js in 0.0 s
[11:06:38] [INFO] Loaded script addonpack_evolved:kubejs_scripts/evolved_diamond_creation.js in 0.004 s
[11:06:38] [INFO] Loaded script addonpack_evolved:kubejs_scripts/evolved_crystal_pillar.js in 0.003 s
[11:06:38] [INFO] Loaded script addonpack_evolved:kubejs_scripts/evolve.js in 0.0 s
[11:06:38] [INFO] Loaded script addonpack_evolved:kubejs_scripts/alien_codex.js in 0.0 s
[11:06:38] [INFO] Loaded script addonpack_evo_reds_alienpack_ult:kubejs_scripts/ult_core_removal.js in 0.003 s
[11:06:38] [INFO] Loaded script addonpack_eop:kubejs_scripts/weather.js in 0.0 s
[11:06:38] [INFO] Loaded script addonpack_eop:kubejs_scripts/waypoint_1way.js in 0.001 s
[11:06:38] [INFO] Loaded script addonpack_eop:kubejs_scripts/waypoint.js in 0.0 s
[11:06:38] [INFO] addonpack_eop:kubejs_scripts/wall_climb.js#6: Loaded Java class 'net.minecraft.core.BlockPos'
[11:06:38] [INFO] Loaded script addonpack_eop:kubejs_scripts/wall_climb.js in 0.001 s
[11:06:38] [INFO] Loaded script addonpack_eop:kubejs_scripts/tornado.js in 0.001 s
[11:06:38] [INFO] Loaded script addonpack_eop:kubejs_scripts/store_armor.js in 0.0 s
[11:06:38] [INFO] Loaded script addonpack_eop:kubejs_scripts/stone_index.js in 0.001 s
[11:06:38] [INFO] Loaded script addonpack_eop:kubejs_scripts/stone_detection_orbs.js in 0.001 s
[11:06:38] [INFO] Loaded script addonpack_eop:kubejs_scripts/stone_detection.js in 0.001 s
[11:06:38] [INFO] Loaded script addonpack_eop:kubejs_scripts/spikes.js in 0.001 s
[11:06:38] [INFO] Loaded script addonpack_eop:kubejs_scripts/speed_increase.js in 0.0 s
[11:06:38] [INFO] addonpack_eop:kubejs_scripts/smelt.js#1: Loaded Java class 'net.minecraft.world.SimpleContainer'
[11:06:38] [INFO] addonpack_eop:kubejs_scripts/smelt.js#2: Loaded Java class 'net.minecraft.world.item.crafting.RecipeType'
[11:06:38] [INFO] Loaded script addonpack_eop:kubejs_scripts/smelt.js in 0.002 s
[11:06:38] [INFO] Loaded script addonpack_eop:kubejs_scripts/slow_hunger.js in 0.001 s
[11:06:38] [INFO] addonpack_eop:kubejs_scripts/sink.js#4: Loaded Java class 'net.minecraft.world.level.block.Blocks'
[11:06:38] [INFO] Loaded script addonpack_eop:kubejs_scripts/sink.js in 0.0 s
[11:06:38] [INFO] Loaded script addonpack_eop:kubejs_scripts/set_score.js in 0.0 s
[11:06:38] [INFO] Loaded script addonpack_eop:kubejs_scripts/screen_shake.js in 0.0 s
[11:06:38] [INFO] Loaded script addonpack_eop:kubejs_scripts/save_health.js in 0.0 s
[11:06:38] [INFO] Loaded script addonpack_eop:kubejs_scripts/repair_item.js in 0.0 s
[11:06:38] [INFO] Loaded script addonpack_eop:kubejs_scripts/remove_fire_silent.js in 0.0 s
[11:06:38] [INFO] Loaded script addonpack_eop:kubejs_scripts/remove_fire.js in 0.001 s
[11:06:38] [INFO] Loaded script addonpack_eop:kubejs_scripts/remove_arrows.js in 0.0 s
[11:06:38] [INFO] Loaded script addonpack_eop:kubejs_scripts/rebirth_cooldown.js in 0.0 s
[11:06:38] [INFO] Loaded script addonpack_eop:kubejs_scripts/reality_warp.js in 0.0 s
[11:06:38] [INFO] Loaded script addonpack_eop:kubejs_scripts/ray_command.js in 0.001 s
[11:06:38] [INFO] Loaded script addonpack_eop:kubejs_scripts/ray_change_property.js in 0.0 s
[11:06:38] [INFO] Loaded script addonpack_eop:kubejs_scripts/projectile.js in 0.001 s
[11:06:38] [INFO] Loaded script addonpack_eop:kubejs_scripts/power_selected.js in 0.0 s
[11:06:38] [INFO] Loaded script addonpack_eop:kubejs_scripts/pocket_travel.js in 0.001 s
[11:06:38] [INFO] Loaded script addonpack_eop:kubejs_scripts/no_natural_regen.js in 0.0 s
[11:06:38] [INFO] Loaded script addonpack_eop:kubejs_scripts/motion.js in 0.0 s
[11:06:38] [INFO] Loaded script addonpack_eop:kubejs_scripts/minion_tp.js in 0.001 s
[11:06:38] [INFO] Loaded script addonpack_eop:kubejs_scripts/minion_spawn.js in 0.0 s
[11:06:38] [INFO] Loaded script addonpack_eop:kubejs_scripts/minion_kill.js in 0.001 s
[11:06:38] [INFO] Loaded script addonpack_eop:kubejs_scripts/magma_block.js in 0.0 s
[11:06:38] [INFO] Loaded script addonpack_eop:kubejs_scripts/looking_up.js in 0.0 s
[11:06:38] [INFO] Loaded script addonpack_eop:kubejs_scripts/light_source.js in 0.001 s
[11:06:38] [INFO] Loaded script addonpack_eop:kubejs_scripts/landmine.js in 0.002 s
[11:06:38] [INFO] Loaded script addonpack_eop:kubejs_scripts/key_bind.js in 0.001 s
[11:06:38] [INFO] Loaded script addonpack_eop:kubejs_scripts/juggernaut_run.js in 0.0 s
[11:06:38] [INFO] Loaded script addonpack_eop:kubejs_scripts/item_take_damage.js in 0.001 s
[11:06:38] [INFO] Loaded script addonpack_eop:kubejs_scripts/items/polymorph_dice.js in 0.0 s
[11:06:38] [INFO] Loaded script addonpack_eop:kubejs_scripts/items/motherboard.js in 0.0 s
[11:06:38] [INFO] Loaded script addonpack_eop:kubejs_scripts/items/mask_of_madness.js in 0.0 s
[11:06:38] [INFO] Loaded script addonpack_eop:kubejs_scripts/items/lost_eye.js in 0.0 s
[11:06:38] [INFO] Loaded script addonpack_eop:kubejs_scripts/items/jar_of_eyes.js in 0.0 s
[11:06:38] [INFO] Loaded script addonpack_eop:kubejs_scripts/items/ion_core.js in 0.001 s
[11:06:38] [INFO] Loaded script addonpack_eop:kubejs_scripts/items/hourglass.js in 0.0 s
[11:06:38] [INFO] Loaded script addonpack_eop:kubejs_scripts/items/golden_idol.js in 0.0 s
[11:06:38] [INFO] Loaded script addonpack_eop:kubejs_scripts/items/genie_lamp.js in 0.0 s
[11:06:38] [INFO] Loaded script addonpack_eop:kubejs_scripts/items/crimson_globe.js in 0.0 s
[11:06:38] [INFO] Loaded script addonpack_eop:kubejs_scripts/items/celestial_codex.js in 0.0 s
[11:06:38] [INFO] Loaded script addonpack_eop:kubejs_scripts/inventory_condition.js in 0.0 s
[11:06:38] [INFO] Loaded script addonpack_eop:kubejs_scripts/ice_block.js in 0.0 s
[11:06:38] [INFO] Loaded script addonpack_eop:kubejs_scripts/health_percent.js in 0.0 s
[11:06:38] [INFO] Loaded script addonpack_eop:kubejs_scripts/has_effect.js in 0.0 s
[11:06:38] [INFO] Loaded script addonpack_eop:kubejs_scripts/has_ceiling.js in 0.0 s
[11:06:38] [INFO] Loaded script addonpack_eop:kubejs_scripts/glide.js in 0.0 s
[11:06:39] [INFO] Loaded script addonpack_eop:kubejs_scripts/give_item.js in 0.001 s
[11:06:39] [INFO] addonpack_eop:kubejs_scripts/gamemode_condition.js#1: Loaded Java class 'net.minecraft.world.level.GameType'
[11:06:39] [INFO] Loaded script addonpack_eop:kubejs_scripts/gamemode_condition.js in 0.002 s
[11:06:39] [INFO] Loaded script addonpack_eop:kubejs_scripts/frost_walk.js in 0.001 s
[11:06:39] [INFO] Loaded script addonpack_eop:kubejs_scripts/freeze_immune.js in 0.0 s
[11:06:39] [INFO] Loaded script addonpack_eop:kubejs_scripts/freeze.js in 0.0 s
[11:06:39] [INFO] Loaded script addonpack_eop:kubejs_scripts/fire_around.js in 0.001 s
[11:06:39] [INFO] Loaded script addonpack_eop:kubejs_scripts/fire_absorb.js in 0.001 s
[11:06:39] [INFO] Loaded script addonpack_eop:kubejs_scripts/fall_damage.js in 0.0 s
[11:06:39] [INFO] Loaded script addonpack_eop:kubejs_scripts/entity_check.js in 0.0 s
[11:06:39] [INFO] Loaded script addonpack_eop:kubejs_scripts/enderchest_ability.js in 0.0 s
[11:06:39] [INFO] Loaded script addonpack_eop:kubejs_scripts/enchant.js in 0.001 s
[11:06:39] [INFO] Loaded script addonpack_eop:kubejs_scripts/empty_inventory.js in 0.0 s
[11:06:39] [INFO] addonpack_eop:kubejs_scripts/electric_charge.js#3: Loaded Java class 'net.minecraft.world.entity.LightningBolt'
[11:06:39] [INFO] Loaded script addonpack_eop:kubejs_scripts/electric_charge.js in 0.002 s
[11:06:39] [INFO] Loaded script addonpack_eop:kubejs_scripts/effect_immun.js in 0.0 s
[11:06:39] [INFO] Loaded script addonpack_eop:kubejs_scripts/effects/wet.js in 0.0 s
[11:06:39] [INFO] Loaded script addonpack_eop:kubejs_scripts/effects/werewolf_infection.js in 0.0 s
[11:06:39] [INFO] Loaded script addonpack_eop:kubejs_scripts/effects/wendigo_infection.js in 0.0 s
[11:06:39] [INFO] Loaded script addonpack_eop:kubejs_scripts/effects/vampire_infection.js in 0.001 s
[11:06:39] [INFO] Loaded script addonpack_eop:kubejs_scripts/effects/unlimited_void.js in 0.0 s
[11:06:39] [INFO] Loaded script addonpack_eop:kubejs_scripts/effects/sunlight.js in 0.0 s
[11:06:39] [INFO] Loaded script addonpack_eop:kubejs_scripts/effects/shock_strong_effect.js in 0.0 s
[11:06:39] [INFO] Loaded script addonpack_eop:kubejs_scripts/effects/shock_effect.js in 0.0 s
[11:06:39] [INFO] Loaded script addonpack_eop:kubejs_scripts/effects/sensory_deception.js in 0.0 s
[11:06:39] [INFO] Loaded script addonpack_eop:kubejs_scripts/effects/power_erasure.js in 0.0 s
[11:06:39] [INFO] Loaded script addonpack_eop:kubejs_scripts/effects/polymorph.js in 0.0 s
[11:06:39] [INFO] Loaded script addonpack_eop:kubejs_scripts/effects/poison_blood.js in 0.0 s
[11:06:39] [INFO] Loaded script addonpack_eop:kubejs_scripts/effects/pain_intolerance.js in 0.0 s
[11:06:39] [INFO] Loaded script addonpack_eop:kubejs_scripts/effects/invisible_optic_nerve.js in 0.0 s
[11:06:39] [INFO] Loaded script addonpack_eop:kubejs_scripts/effects/frenzy.js in 0.0 s
[11:06:39] [INFO] Loaded script addonpack_eop:kubejs_scripts/effects/freeze_strong_effect.js in 0.0 s
[11:06:39] [INFO] Loaded script addonpack_eop:kubejs_scripts/effects/freeze_effect.js in 0.0 s
[11:06:39] [INFO] Loaded script addonpack_eop:kubejs_scripts/effects/flash_blindness.js in 0.0 s
[11:06:39] [INFO] Loaded script addonpack_eop:kubejs_scripts/effects/fatigued.js in 0.0 s
[11:06:39] [INFO] Loaded script addonpack_eop:kubejs_scripts/effects/electric_immunity.js in 0.0 s
[11:06:39] [INFO] Loaded script addonpack_eop:kubejs_scripts/effects/cold_immunity.js in 0.0 s
[11:06:39] [INFO] Loaded script addonpack_eop:kubejs_scripts/effects/chimera_infection.js in 0.0 s
[11:06:39] [INFO] Loaded script addonpack_eop:kubejs_scripts/effects/charge.js in 0.0 s
[11:06:39] [INFO] Loaded script addonpack_eop:kubejs_scripts/effects/cellular_immortality.js in 0.001 s
[11:06:39] [INFO] Loaded script addonpack_eop:kubejs_scripts/effects/brain_overload.js in 0.0 s
[11:06:39] [INFO] Loaded script addonpack_eop:kubejs_scripts/effects/boil_strong_effect.js in 0.0 s
[11:06:39] [INFO] Loaded script addonpack_eop:kubejs_scripts/effects/boil_effect.js in 0.0 s
[11:06:39] [INFO] Loaded script addonpack_eop:kubejs_scripts/effects/augment.js in 0.0 s
[11:06:39] [INFO] Loaded script addonpack_eop:kubejs_scripts/effects/auditory_deception_herobrine.js in 0.0 s
[11:06:39] [INFO] Loaded script addonpack_eop:kubejs_scripts/effects/auditory_deception.js in 0.0 s
[11:06:39] [INFO] Loaded script addonpack_eop:kubejs_scripts/dna_capsule.js in 0.0 s
[11:06:39] [INFO] Loaded script addonpack_eop:kubejs_scripts/dash.js in 0.001 s
[11:06:39] [INFO] Loaded script addonpack_eop:kubejs_scripts/damage_condition.js in 0.0 s
[11:06:39] [INFO] Loaded script addonpack_eop:kubejs_scripts/check_property.js in 0.0 s
[11:06:39] [INFO] Loaded script addonpack_eop:kubejs_scripts/change_property.js in 0.0 s
[11:06:39] [INFO] Loaded script addonpack_eop:kubejs_scripts/blue.js in 0.001 s
[11:06:39] [INFO] Loaded script addonpack_eop:kubejs_scripts/attribute_check.js in 0.0 s
[11:06:39] [INFO] Loaded script addonpack_eop:kubejs_scripts/aoe_knockback.js in 0.001 s
[11:06:39] [INFO] Loaded script addonpack_eop:kubejs_scripts/aoe_damage_once.js in 0.0 s
[11:06:39] [INFO] Loaded script addonpack_eop:kubejs_scripts/aoe_damage.js in 0.002 s
[11:06:39] [INFO] Loaded script addonpack_eop:kubejs_scripts/aoe_command.js in 0.001 s
[11:06:39] [INFO] Loaded script addonpack_eop:kubejs_scripts/aoe_change_property.js in 0.0 s
[11:06:39] [INFO] Loaded script addonpack_eop:kubejs_scripts/add_hp.js in 0.0 s
[11:06:39] [INFO] Loaded script addonpack_eop:kubejs_scripts/ability_list.js in 0.001 s
[11:06:39] [INFO] Loaded script addonpack_anur:kubejs_scripts/stun.js in 0.0 s
[11:06:39] [INFO] Loaded script addonpack_anur:kubejs_scripts/sounds.js in 0.0 s
[11:06:39] [INFO] Loaded script addonpack_anur:kubejs_scripts/loboan_powers.js in 0.001 s
[11:06:39] [INFO] Loaded script addonpack_anur:kubejs_scripts/blocks.js in 0.0 s
[11:06:39] [INFO] Loaded script addonpack_anur:kubejs_scripts/banger.js in 0.001 s
[11:06:39] [INFO] Loaded script addonpack_anur:kubejs_scripts/alien_codex.js in 0.0 s
[11:06:39] [INFO] Loaded script addonpack_evo_reds_alienpack_reboottwo:kubejs_scripts/reboot_decouple.js in 0.005 s
[11:06:39] [INFO] Loaded script addonpack_evo_reds_alienpack_reboottwo:kubejs_scripts/reboottwo_core_removal.js in 0.002 s
[11:06:39] [INFO] Loaded script addonpack_afomni:kubejs_scripts/new_ice_block.js in 0.0 s
[11:06:39] [INFO] Loaded script addonpack_afomni:kubejs_scripts/leap_vax.js in 0.0 s
[11:06:39] [INFO] Loaded script addonpack_afomni:kubejs_scripts/is_mainhand.js in 0.0 s
[11:06:39] [INFO] Loaded script addonpack_afomni:kubejs_scripts/freezing_effect.js in 0.0 s
[11:06:39] [INFO] Loaded script addonpack_afomni:kubejs_scripts/chroma_leap.js in 0.0 s
[11:06:39] [INFO] Loaded script addonpack_afomni:kubejs_scripts/aoe_damage.js in 0.0 s
[11:06:39] [INFO] Loaded script addonpack_aeo:kubejs_scripts/transformmodified.js in 0.002 s
[11:06:39] [INFO] Loaded script addonpack_aeo:kubejs_scripts/sounds.js in 0.001 s
[11:06:39] [INFO] Loaded script addonpack_aeo:kubejs_scripts/ovcycle.js in 0.002 s
[11:06:39] [INFO] Loaded script addonpack_aeo:kubejs_scripts/modules.js in 0.001 s
[11:06:39] [INFO] Loaded script addonpack_aeo:kubejs_scripts/galvan_completed_blueprint.js in 0.001 s
[11:06:39] [INFO] Loaded script addonpack_aeo:kubejs_scripts/decouplemodified.js in 0.006 s
[11:06:39] [INFO] Loaded script addonpack_aeo:kubejs_scripts/core_removalmodified.js in 0.003 s
[11:06:39] [INFO] Loaded script addonpack_aeo:kubejs_scripts/core_functions.js in 0.0 s
[11:06:39] [INFO] Loaded script addonpack_aeo:kubejs_scripts/codesmodified.js in 0.001 s
[11:06:39] [INFO] Loaded script addonpack_aeo:kubejs_scripts/alien_codex.js in 0.0 s
[11:06:39] [INFO] Loaded script addonpack_gax_classic:kubejs_scripts/throw.js in 0.001 s
[11:06:39] [INFO] Loaded script addonpack_gax_classic:kubejs_scripts/rads.js in 0.0 s
[11:06:39] [INFO] Loaded script addonpack_gax_classic:kubejs_scripts/force.js in 0.0 s
[11:06:39] [INFO] Loaded script addonpack_gax_classic:kubejs_scripts/alien_codex.js in 0.001 s
[11:06:39] [INFO] addonpack_grave.core:kubejs_scripts/telekinesis.js#3: Loaded Java class 'net.minecraft.world.entity.projectile.ProjectileUtil'
[11:06:39] [INFO] addonpack_grave.core:kubejs_scripts/telekinesis.js#4: Loaded Java class 'net.minecraft.core.registries.Registries'
[11:06:39] [INFO] addonpack_grave.core:kubejs_scripts/telekinesis.js#5: Loaded Java class 'net.minecraft.tags.TagKey'
[11:06:39] [INFO] Loaded script addonpack_grave.core:kubejs_scripts/telekinesis.js in 0.007 s
[11:06:39] [INFO] Loaded script addonpack_grave.core:kubejs_scripts/store_armour.js in 0.0 s
[11:06:39] [INFO] Loaded script addonpack_grave.core:kubejs_scripts/stone_index.js in 0.001 s
[11:06:39] [INFO] Loaded script addonpack_grave.core:kubejs_scripts/stone_detection.js in 0.0 s
[11:06:39] [INFO] Loaded script addonpack_grave.core:kubejs_scripts/sonic_deafening.js in 0.0 s
[11:06:39] [INFO] Loaded script addonpack_grave.core:kubejs_scripts/shock_effect.js in 0.0 s
[11:06:39] [INFO] Loaded script addonpack_grave.core:kubejs_scripts/power_selected.js in 0.0 s
[11:06:39] [INFO] Loaded script addonpack_grave.core:kubejs_scripts/persistent_data_condition.js in 0.0 s
[11:06:39] [INFO] Loaded script addonpack_grave.core:kubejs_scripts/null_persistent_data_condition.js in 0.0 s
[11:06:39] [INFO] Loaded script addonpack_grave.core:kubejs_scripts/month_condition.js in 0.0 s
[11:06:39] [INFO] Loaded script addonpack_grave.core:kubejs_scripts/knockback.js in 0.001 s
[11:06:39] [INFO] Loaded script addonpack_grave.core:kubejs_scripts/key_condition.js in 0.0 s
[11:06:39] [INFO] Loaded script addonpack_grave.core:kubejs_scripts/items.js in 0.001 s
[11:06:39] [INFO] Loaded script addonpack_grave.core:kubejs_scripts/get_energy_condition.js in 0.0 s
[11:06:39] [INFO] Loaded script addonpack_grave.core:kubejs_scripts/freeze_effect.js in 0.0 s
[11:06:39] [INFO] Loaded script addonpack_grave.core:kubejs_scripts/effect_condition.js in 0.0 s
[11:06:39] [INFO] addonpack_grave.core:kubejs_scripts/dynamic_pehkui_scale.js#1: Loaded Java class 'net.threetag.palladium.util.SizeUtil'
[11:06:39] [INFO] Loaded script addonpack_grave.core:kubejs_scripts/dynamic_pehkui_scale.js in 0.003 s
[11:06:39] [INFO] Loaded script addonpack_grave.core:kubejs_scripts/drain_per_tick.js in 0.0 s
[11:06:39] [INFO] Loaded script addonpack_grave.core:kubejs_scripts/drain_accessory_energy.js in 0.0 s
[11:06:39] [INFO] Loaded script addonpack_grave.core:kubejs_scripts/does_accessory_have_energy.js in 0.001 s
[11:06:39] [INFO] Loaded script addonpack_grave.core:kubejs_scripts/does_accessory_exist.js in 0.0 s
[11:06:39] [INFO] Loaded script addonpack_grave.core:kubejs_scripts/depricated_conditions/uuid_condition.js in 0.0 s
[11:06:39] [INFO] Loaded script addonpack_grave.core:kubejs_scripts/depricated_conditions/main_hand_condition.js in 0.0 s
[11:06:39] [INFO] Loaded script addonpack_grave.core:kubejs_scripts/depricated_abilities/snazzier_attribute_ability.js in 0.0 s
[11:06:39] [INFO] Loaded script addonpack_grave.core:kubejs_scripts/depricated_abilities/setppbyscore.js in 0.0 s
[11:06:39] [INFO] Loaded script addonpack_grave.core:kubejs_scripts/depricated_abilities/projectile_script.js in 0.0 s
[11:06:39] [INFO] Loaded script addonpack_grave.core:kubejs_scripts/depricated_abilities/no_burn.js in 0.0 s
[11:06:39] [INFO] Loaded script addonpack_grave.core:kubejs_scripts/depricated_abilities/movement.js in 0.0 s
[11:06:39] [INFO] Loaded script addonpack_grave.core:kubejs_scripts/depricated_abilities/explosion.js in 0.0 s
[11:06:39] [INFO] Loaded script addonpack_grave.core:kubejs_scripts/depricated_abilities/charged_knockback.js in 0.001 s
[11:06:39] [INFO] Loaded script addonpack_grave.core:kubejs_scripts/depricated_abilities/aoe_knockback.js in 0.0 s
[11:06:39] [INFO] Loaded script addonpack_grave.core:kubejs_scripts/depricated_abilities/aoe_damage.js in 0.001 s
[11:06:39] [INFO] Loaded script addonpack_grave.core:kubejs_scripts/date_condition.js in 0.0 s
[11:06:39] [INFO] Loaded script addonpack_grave.core:kubejs_scripts/compare_accessory_energy.js in 0.0 s
[11:06:39] [INFO] Loaded script addonpack_grave.core:kubejs_scripts/camera.js in 0.0 s
[11:06:39] [INFO] Loaded script addonpack_grave.core:kubejs_scripts/burning_effect.js in 0.0 s
[11:06:39] [INFO] Loaded script addonpack_grave.core:kubejs_scripts/blocks.js in 0.001 s
[11:06:39] [INFO] Loaded script addonpack_evo_reds_alienpack:kubejs_scripts/watch_check.js in 0.0 s
[11:06:39] [INFO] Loaded script addonpack_evo_reds_alienpack:kubejs_scripts/ultimates.js in 0.002 s
[11:06:39] [INFO] Loaded script addonpack_evo_reds_alienpack:kubejs_scripts/swamp_spike.js in 0.002 s
[11:06:39] [INFO] Loaded script addonpack_evo_reds_alienpack:kubejs_scripts/sounds.js in 0.0 s
[11:06:39] [INFO] Loaded script addonpack_evo_reds_alienpack:kubejs_scripts/recal_decouple.js in 0.003 s
[11:06:39] [INFO] Loaded script addonpack_evo_reds_alienpack:kubejs_scripts/recal_core_removal.js in 0.004 s
[11:06:39] [INFO] Loaded script addonpack_evo_reds_alienpack:kubejs_scripts/random_transform.js in 0.001 s
[11:06:39] [INFO] Loaded script addonpack_evo_reds_alienpack:kubejs_scripts/randomize_aliens.js in 0.001 s
[11:06:39] [INFO] Loaded script addonpack_evo_reds_alienpack:kubejs_scripts/items.js in 0.001 s
[11:06:39] [INFO] addonpack_evo_reds_alienpack:kubejs_scripts/grapple.js#2: Loaded Java class 'net.minecraft.world.level.ClipContext$Block'
[11:06:39] [INFO] addonpack_evo_reds_alienpack:kubejs_scripts/grapple.js#3: Loaded Java class 'net.minecraft.world.level.ClipContext$Fluid'
[11:06:39] [INFO] Loaded script addonpack_evo_reds_alienpack:kubejs_scripts/grapple.js in 0.001 s
[11:06:39] [INFO] Loaded script addonpack_evo_reds_alienpack:kubejs_scripts/force_field.js in 0.001 s
[11:06:39] [INFO] Loaded script addonpack_evo_reds_alienpack:kubejs_scripts/food_items.js in 0.0 s
[11:06:39] [INFO] Loaded script addonpack_evo_reds_alienpack:kubejs_scripts/effect_immunity.js in 0.0 s
[11:06:39] [INFO] Loaded script addonpack_evo_reds_alienpack:kubejs_scripts/dome.js in 0.004 s
[11:06:39] [INFO] Loaded script addonpack_evo_reds_alienpack:kubejs_scripts/alien_codex.js in 0.001 s
[11:06:39] [INFO] Loaded script addonpack_evo_reds_alienpack:kubejs_scripts/ad_astra_freeze_immunity.js in 0.0 s
[11:06:39] [INFO] Loaded script addonpack_heroes:kubejs_scripts/wall_climb_roof_condition.js in 0.0 s
[11:06:39] [INFO] Loaded script addonpack_heroes:kubejs_scripts/wall_climb_move_condition.js in 0.0 s
[11:06:39] [INFO] Loaded script addonpack_heroes:kubejs_scripts/wall_climb_condition.js in 0.0 s
[11:06:39] [INFO] Loaded script addonpack_heroes:kubejs_scripts/wall_climb.js in 0.0 s
[11:06:39] [INFO] Loaded script addonpack_heroes:kubejs_scripts/use_genetic_blocker.js in 0.0 s
[11:06:39] [INFO] Loaded script addonpack_heroes:kubejs_scripts/stone_stat_index.js in 0.001 s
[11:06:39] [INFO] Loaded script addonpack_heroes:kubejs_scripts/stone_index.js in 0.0 s
[11:06:39] [INFO] Loaded script addonpack_heroes:kubejs_scripts/stockpile_debuffs.js in 0.0 s
[11:06:39] [INFO] Loaded script addonpack_heroes:kubejs_scripts/stockpile_ability.js in 0.002 s
[11:06:39] [INFO] Loaded script addonpack_heroes:kubejs_scripts/stat_ability.js in 0.001 s
[11:06:39] [INFO] Loaded script addonpack_heroes:kubejs_scripts/speed_auto_attack.js in 0.001 s
[11:06:39] [INFO] Loaded script addonpack_heroes:kubejs_scripts/spatial_repair_damage.js in 0.001 s
[11:06:39] [INFO] Loaded script addonpack_heroes:kubejs_scripts/spatial_armaments_weapon.js in 0.001 s
[11:06:39] [INFO] Loaded script addonpack_heroes:kubejs_scripts/spatial_armaments_cycle.js in 0.0 s
[11:06:39] [INFO] Loaded script addonpack_heroes:kubejs_scripts/spatial_armaments.js in 0.001 s
[11:06:39] [INFO] Loaded script addonpack_heroes:kubejs_scripts/shanti_virus_improved.js in 0.0 s
[11:06:39] [INFO] Loaded script addonpack_heroes:kubejs_scripts/shanti_virus.js in 0.0 s
[11:06:39] [INFO] Loaded script addonpack_heroes:kubejs_scripts/replication.js in 0.0 s
[11:06:39] [INFO] Loaded script addonpack_heroes:kubejs_scripts/radiation.js in 0.0 s
[11:06:39] [INFO] Loaded script addonpack_heroes:kubejs_scripts/punch_radius_damage.js in 0.001 s
[11:06:39] [INFO] Loaded script addonpack_heroes:kubejs_scripts/power_score_reset.js in 0.0 s
[11:06:39] [INFO] Loaded script addonpack_heroes:kubejs_scripts/pocket_storage.js in 0.001 s
[11:06:39] [INFO] Loaded script addonpack_heroes:kubejs_scripts/pocket_shift.js in 0.0 s
[11:06:39] [INFO] Loaded script addonpack_heroes:kubejs_scripts/pocket_reality_end.js in 0.001 s
[11:06:39] [INFO] Loaded script addonpack_heroes:kubejs_scripts/pocket_reality_domain_water.js in 0.0 s
[11:06:39] [INFO] Loaded script addonpack_heroes:kubejs_scripts/pocket_reality_domain_lava.js in 0.0 s
[11:06:39] [INFO] Loaded script addonpack_heroes:kubejs_scripts/pocket_reality_domain.js in 0.0 s
[11:06:39] [INFO] Loaded script addonpack_heroes:kubejs_scripts/pocket_reality.js in 0.001 s
[11:06:39] [INFO] Loaded script addonpack_heroes:kubejs_scripts/pocket_eject.js in 0.0 s
[11:06:39] [INFO] Loaded script addonpack_heroes:kubejs_scripts/overload_condition.js in 0.0 s
[11:06:39] [INFO] Loaded script addonpack_heroes:kubejs_scripts/ocular_tags.js in 0.0 s
[11:06:39] [INFO] Loaded script addonpack_heroes:kubejs_scripts/ocular_emulate.js in 0.0 s
[11:06:39] [INFO] Loaded script addonpack_heroes:kubejs_scripts/motion_abil_score.js in 0.0 s
[11:06:39] [INFO] Loaded script addonpack_heroes:kubejs_scripts/motion_abil.js in 0.0 s
[11:06:39] [INFO] Loaded script addonpack_heroes:kubejs_scripts/main_hand_condition.js in 0.0 s
[11:06:39] [INFO] Loaded script addonpack_heroes:kubejs_scripts/intuitive_replication.js in 0.001 s
[11:06:39] [INFO] Loaded script addonpack_heroes:kubejs_scripts/intuitive_copy.js in 0.0 s
[11:06:39] [INFO] Loaded script addonpack_heroes:kubejs_scripts/infinity.js in 0.001 s
[11:06:39] [INFO] Loaded script addonpack_heroes:kubejs_scripts/in_pocket_condition.js in 0.0 s
[11:06:39] [INFO] Loaded script addonpack_heroes:kubejs_scripts/in__domain_pocket_condition.js in 0.0 s
[11:06:39] [INFO] Loaded script addonpack_heroes:kubejs_scripts/has_abilities_condition.js in 0.0 s
[11:06:39] [INFO] Loaded script addonpack_heroes:kubejs_scripts/geo_armor_stats.js in 0.001 s
[11:06:39] [INFO] Loaded script addonpack_heroes:kubejs_scripts/geo_armor_reset.js in 0.0 s
[11:06:39] [INFO] Loaded script addonpack_heroes:kubejs_scripts/geo_armor_ability.js in 0.0 s
[11:06:39] [INFO] Loaded script addonpack_heroes:kubejs_scripts/genetic_test.js in 0.0 s
[11:06:39] [INFO] Loaded script addonpack_heroes:kubejs_scripts/genetic_stability_debuffs.js in 0.0 s
[11:06:39] [INFO] Loaded script addonpack_heroes:kubejs_scripts/genetic_booster.js in 0.0 s
[11:06:39] [INFO] Loaded script addonpack_heroes:kubejs_scripts/empathic_cost.js in 0.0 s
[11:06:39] [INFO] Loaded script addonpack_heroes:kubejs_scripts/empathic_call.js in 0.0 s
[11:06:39] [INFO] Loaded script addonpack_heroes:kubejs_scripts/death_stam_remove.js in 0.001 s
[11:06:39] [INFO] Loaded script addonpack_heroes:kubejs_scripts/cycle_replication.js in 0.0 s
[11:06:39] [INFO] Loaded script addonpack_heroes:kubejs_scripts/cycle_ocular.js in 0.001 s
[11:06:39] [INFO] Loaded script addonpack_heroes:kubejs_scripts/cycle_intuitive_origin.js in 0.0 s
[11:06:39] [INFO] Loaded script addonpack_heroes:kubejs_scripts/cycle_intuitive.js in 0.0 s
[11:06:39] [INFO] Loaded script addonpack_heroes:kubejs_scripts/cycle_genetic_power.js in 0.0 s
[11:06:39] [INFO] Loaded script addonpack_heroes:kubejs_scripts/cycle_ability_empathic.js in 0.001 s
[11:06:39] [INFO] Loaded script addonpack_heroes:kubejs_scripts/cycle_ability.js in 0.0 s
[11:06:39] [INFO] Loaded script addonpack_heroes:kubejs_scripts/cryokinetic_armoury.js in 0.001 s
[11:06:39] [INFO] Loaded script addonpack_heroes:kubejs_scripts/catalyst_transfer.js in 0.0 s
[11:06:39] [INFO] Loaded script addonpack_heroes:kubejs_scripts/burning.js in 0.0 s
[11:06:39] [INFO] Loaded script addonpack_heroes:kubejs_scripts/brain_scan.js in 0.001 s
[11:06:39] [INFO] Loaded script addonpack_heroes:kubejs_scripts/brain_create.js in 0.0 s
[11:06:39] [INFO] Loaded script addonpack_heroes:kubejs_scripts/base_power_max_con.js in 0.001 s
[11:06:39] [INFO] Loaded script addonpack_heroes:kubejs_scripts/base_power.js in 0.0 s
[11:06:39] [INFO] Loaded script addonpack_heroes:kubejs_scripts/aoe_damage_proj.js in 0.0 s
[11:06:39] [INFO] Loaded script addonpack_heroes:kubejs_scripts/aoe_damage.js in 0.0 s
[11:06:39] [INFO] Loaded script addonpack_heroes:kubejs_scripts/ability_weight.js in 0.002 s
[11:06:39] [INFO] Loaded script addonpack_heroes:kubejs_scripts/ability_transfer.js in 0.001 s
[11:06:39] [INFO] Loaded script addonpack_heroes:kubejs_scripts/ability_replication.js in 0.0 s
[11:06:39] [INFO] Loaded script addonpack_heroes:kubejs_scripts/ability_removable.js in 0.0 s
[11:06:39] [INFO] Loaded script addonpack_heroes:kubejs_scripts/ability_registry.js in 0.001 s
[11:06:39] [INFO] Loaded script addonpack_heroes:kubejs_scripts/ability_randomizer.js in 0.001 s
[11:06:39] [INFO] Loaded script addonpack_heroes:kubejs_scripts/ability_index.js in 0.0 s
[11:06:39] [INFO] Loaded script addonpack_heroes:kubejs_scripts/ability_empathic.js in 0.001 s
[11:06:39] [INFO] Loaded script addonpack_heroes:kubejs_scripts/ability_absorption.js in 0.003 s
[11:06:39] [INFO] Loaded script addonpack_alienevo:kubejs_scripts/items.js in 0.0 s
[11:06:39] [INFO] Loaded script addonpack_alienevo:kubejs_scripts/wall_run_up.js in 0.001 s
[11:06:39] [INFO] Loaded script addonpack_alienevo:kubejs_scripts/wall_run_down.js in 0.0 s
[11:06:39] [INFO] Loaded script addonpack_alienevo:kubejs_scripts/wall_run.js in 0.0 s
[11:06:39] [INFO] Loaded script addonpack_alienevo:kubejs_scripts/wall_climb_small.js in 0.0 s
[11:06:39] [INFO] Loaded script addonpack_alienevo:kubejs_scripts/wall_climb_move_condition.js in 0.0 s
[11:06:39] [INFO] Loaded script addonpack_alienevo:kubejs_scripts/wall_climb_condition.js in 0.0 s
[11:06:39] [INFO] Loaded script addonpack_alienevo:kubejs_scripts/wall_climb.js in 0.001 s
[11:06:39] [INFO] Loaded script addonpack_alienevo:kubejs_scripts/transform.js in 0.001 s
[11:06:39] [INFO] Loaded script addonpack_alienevo:kubejs_scripts/store_armor.js in 0.001 s
[11:06:39] [INFO] Loaded script addonpack_alienevo:kubejs_scripts/stat_ability.js in 0.0 s
[11:06:39] [INFO] Loaded script addonpack_alienevo:kubejs_scripts/spawn_particles_block.js in 0.001 s
[11:06:39] [INFO] Loaded script addonpack_alienevo:kubejs_scripts/sounds.js in 0.001 s
[11:06:39] [INFO] Loaded script addonpack_alienevo:kubejs_scripts/slot_transform.js in 0.002 s
[11:06:39] [INFO] Loaded script addonpack_alienevo:kubejs_scripts/screen_shake.js in 0.0 s
[11:06:39] [INFO] Loaded script addonpack_alienevo:kubejs_scripts/rolling_mechanics.js in 0.001 s
[11:06:39] [INFO] Loaded script addonpack_alienevo:kubejs_scripts/recharge.js in 0.0 s
[11:06:39] [INFO] Loaded script addonpack_alienevo:kubejs_scripts/quick_change_wheel_condition.js in 0.001 s
[11:06:39] [INFO] Loaded script addonpack_alienevo:kubejs_scripts/quick_change.js in 0.0 s
[11:06:39] [INFO] Loaded script addonpack_alienevo:kubejs_scripts/pyro_surf.js in 0.0 s
[11:06:39] [INFO] Loaded script addonpack_alienevo:kubejs_scripts/projectile.js in 0.0 s
[11:06:39] [INFO] Loaded script addonpack_alienevo:kubejs_scripts/predator_vision.js in 0.0 s
[11:06:39] [INFO] Loaded script addonpack_alienevo:kubejs_scripts/playlist_cycle.js in 0.0 s
[11:06:39] [INFO] Loaded script addonpack_alienevo:kubejs_scripts/ore_detect.js in 0.001 s
[11:06:39] [INFO] Loaded script addonpack_alienevo:kubejs_scripts/omnitrix_timer.js in 0.003 s
[11:06:39] [INFO] Loaded script addonpack_alienevo:kubejs_scripts/omnitrix_cycle_animation.js in 0.0 s
[11:06:39] [INFO] Loaded script addonpack_alienevo:kubejs_scripts/omnitrix_cycle.js in 0.001 s
[11:06:39] [INFO] Loaded script addonpack_alienevo:kubejs_scripts/omni_properties.js in 0.0 s
[11:06:39] [INFO] Loaded script addonpack_alienevo:kubejs_scripts/motion_water.js in 0.0 s
[11:06:39] [INFO] Loaded script addonpack_alienevo:kubejs_scripts/motion_to_entity.js in 0.001 s
[11:06:39] [INFO] Loaded script addonpack_alienevo:kubejs_scripts/motion_dash.js in 0.0 s
[11:06:39] [INFO] Loaded script addonpack_alienevo:kubejs_scripts/motion.js in 0.0 s
[11:06:39] [INFO] Loaded script addonpack_alienevo:kubejs_scripts/items.js in 0.001 s
[11:06:39] [INFO] Loaded script addonpack_alienevo:kubejs_scripts/is_alien.js in 0.0 s
[11:06:39] [INFO] Loaded script addonpack_alienevo:kubejs_scripts/invulnerable.js in 0.0 s
[11:06:39] [INFO] Loaded script addonpack_alienevo:kubejs_scripts/infinity.js in 0.001 s
[11:06:39] [INFO] Loaded script addonpack_alienevo:kubejs_scripts/ice_layer.js in 0.001 s
[11:06:39] [INFO] Loaded script addonpack_alienevo:kubejs_scripts/hunger_fix.js in 0.0 s
[11:06:39] [INFO] Loaded script addonpack_alienevo:kubejs_scripts/ground_slam.js in 0.001 s
[11:06:39] [INFO] Loaded script addonpack_alienevo:kubejs_scripts/grapple.js in 0.0 s
[11:06:39] [INFO] Loaded script addonpack_alienevo:kubejs_scripts/goo_fire.js in 0.001 s
[11:06:39] [INFO] Loaded script addonpack_alienevo:kubejs_scripts/glow_crystals.js in 0.0 s
[11:06:39] [INFO] Loaded script addonpack_alienevo:kubejs_scripts/glide.js in 0.001 s
[11:06:39] [INFO] Loaded script addonpack_alienevo:kubejs_scripts/galvan_blueprints.js in 0.0 s
[11:06:39] [INFO] Loaded script addonpack_alienevo:kubejs_scripts/freeze_immunity.js in 0.0 s
[11:06:39] [INFO] Loaded script addonpack_alienevo:kubejs_scripts/flatten.js in 0.0 s
[11:06:39] [INFO] Loaded script addonpack_alienevo:kubejs_scripts/fire_immunity.js in 0.0 s
[11:06:39] [INFO] Loaded script addonpack_alienevo:kubejs_scripts/fire_absorb.js in 0.002 s
[11:06:39] [INFO] Loaded script addonpack_alienevo:kubejs_scripts/explosion.js in 0.0 s
[11:06:39] [INFO] Loaded script addonpack_alienevo:kubejs_scripts/entity_damage.js in 0.002 s
[11:06:39] [INFO] Loaded script addonpack_alienevo:kubejs_scripts/draganoid.js in 0.001 s
[11:06:39] [INFO] Loaded script addonpack_alienevo:kubejs_scripts/directional_damage.js in 0.0 s
[11:06:39] [INFO] Loaded script addonpack_alienevo:kubejs_scripts/diamond_creation.js in 0.002 s
[11:06:39] [INFO] Loaded script addonpack_alienevo:kubejs_scripts/detransform.js in 0.001 s
[11:06:39] [INFO] Loaded script addonpack_alienevo:kubejs_scripts/decouple.js in 0.004 s
[11:06:39] [INFO] Loaded script addonpack_alienevo:kubejs_scripts/damage_effect.js in 0.001 s
[11:06:39] [INFO] Loaded script addonpack_alienevo:kubejs_scripts/cycle_sounds.js in 0.0 s
[11:06:39] [INFO] Loaded script addonpack_alienevo:kubejs_scripts/current_alien_nickname_condition.js in 0.0 s
[11:06:39] [INFO] Loaded script addonpack_alienevo:kubejs_scripts/crystal_pillar.js in 0.002 s
[11:06:39] [INFO] Loaded script addonpack_alienevo:kubejs_scripts/core_removal.js in 0.003 s
[11:06:39] [INFO] Loaded script addonpack_alienevo:kubejs_scripts/color_modules.js in 0.001 s
[11:06:39] [INFO] Loaded script addonpack_alienevo:kubejs_scripts/codes.js in 0.002 s
[11:06:39] [INFO] Loaded script addonpack_alienevo:kubejs_scripts/charge_leap.js in 0.0 s
[11:06:39] [INFO] Loaded script addonpack_alienevo:kubejs_scripts/bounce.js in 0.001 s
[11:06:39] [INFO] addonpack_alienevo:kubejs_scripts/blocks.js#1: Loaded Java class 'net.minecraft.nbt.CompoundTag'
[11:06:39] [INFO] Loaded script addonpack_alienevo:kubejs_scripts/blocks.js in 0.003 s
[11:06:39] [INFO] Loaded script addonpack_alienevo:kubejs_scripts/block_wave.js in 0.001 s
[11:06:39] [INFO] Loaded script addonpack_alienevo:kubejs_scripts/behind.js in 0.001 s
[11:06:39] [INFO] Loaded script addonpack_alienevo:kubejs_scripts/astro_powers.js in 0.003 s
[11:06:39] [INFO] Loaded script addonpack_alienevo:kubejs_scripts/alienevo_watch_condition.js in 0.0 s
[11:06:39] [INFO] Loaded script addonpack_alienevo:kubejs_scripts/alienevo_color_condition.js in 0.0 s
[11:06:39] [INFO] addonpack_alienevo:kubejs_scripts/alien_codex.js#1: Loaded Java class 'net.minecraft.network.chat.Component'
[11:06:39] [INFO] Loaded script addonpack_alienevo:kubejs_scripts/alien_codex.js in 0.003 s
[11:06:39] [INFO] Loaded script addonpack_alienevo:kubejs_scripts/sounds.js in 0.0 s
[11:06:39] [INFO] Loaded script addonpack_alienevo:kubejs_scripts/alien_codex.js in 0.001 s
[11:06:39] [INFO] Loaded script addonpack_evo_reds_alienpack_bug:kubejs_scripts/sounds.js in 0.0 s
[11:06:39] [INFO] Loaded script addonpack_evo_reds_alienpack_bug:kubejs_scripts/buggy_decouple.js in 0.005 s
[11:06:39] [INFO] Loaded 540/540 KubeJS startup scripts in 0.782 s with 0 errors and 0 warnings
[11:06:39] [INFO] addonpack_alienevo:kubejs_scripts/motion_to_entity.js#6: Loaded Java class 'net.minecraft.world.phys.HitResult'
[11:06:39] [INFO] addonpack_alienevo:kubejs_scripts/motion_to_entity.js#7: Loaded Java class 'net.minecraft.world.entity.decoration.ArmorStand'
[11:06:39] [INFO] addonpack_alienevo:kubejs_scripts/motion_to_entity.js#8: Loaded Java class 'net.minecraft.world.entity.boss.enderdragon.EndCrystal'
[11:06:39] [WARN] addonpack_fsang_hero:kubejs_scripts/vulcan_shield2.js#12: blockBuilder.material(string) is no longer supported! Use .soundType(SoundType) and .mapColor(MapColor) instead!
[11:06:39] [WARN] addonpack_fsang_hero:kubejs_scripts/vulcan_shield1.js#12: blockBuilder.material(string) is no longer supported! Use .soundType(SoundType) and .mapColor(MapColor) instead!
[11:06:39] [WARN] addonpack_fsang_hero:kubejs_scripts/scarab_shield.js#12: blockBuilder.material(string) is no longer supported! Use .soundType(SoundType) and .mapColor(MapColor) instead!
[11:06:43] [INFO] addonpack_eop:kubejs_scripts/key_bind.js#3: Loaded Java class 'dev.architectury.registry.client.keymappings.KeyMappingRegistry'
[11:06:43] [INFO] addonpack_eop:kubejs_scripts/key_bind.js#4: Loaded Java class 'net.minecraft.client.KeyMapping'
[11:06:43] [INFO] addonpack_eop:kubejs_scripts/key_bind.js#5: Loaded Java class 'org.lwjgl.glfw.GLFW'
[11:06:45] [INFO] addonpack_aeo:kubejs_scripts/core_functions.js#16: Core functions exported to global!
[11:06:45] [INFO] addonpack_alienevo:kubejs_scripts/glow_crystals.js#3: Loaded Java class 'dev.latvian.mods.kubejs.item.custom.BasicItemJS$Builder'
